{"Name":"no-files","Type":"CommonJSPackage","Repo":"github.com/sgtest/js-misc","Globs":null,"Files":[],"Dir":"no-files","Data":{"_id":"no-files@0.0.1","main":"index.js","name":"no-files","readme":"ERROR: No README data found!","version":"0.0.1"},"Config":{"jsg":{"plugins":{"node":{"coreModulesDir":"/tmp/node_core_modules"}}},"npmInstall":true},"Ops":{"depresolve":null,"graph":null}}
