[
  {
    "Raw": {
      "name": "lodash.contains",
      "version": "2.4.1"
    },
    "Error": "error occurred while resolving: {}"
  }
]
