{
  "Defs": [
    {
      "Path": "commonjs/unicode/index.js",
      "Name": "unicode/index",
      "Kind": "module",
      "File": "unicode/index.js",
      "DefStart": 0,
      "DefEnd": 0,
      "Exported": true,
      "Data": {
        "Kind": "commonjs-module",
        "Key": {
          "namespace": "commonjs",
          "module": "unicode/index.js",
          "path": ""
        },
        "jsgDefData": {
          "nodejs": {
            "moduleExports": true
          }
        },
        "Type": "{}",
        "IsFunc": false
      },
      "TreePath": "-commonjs/unicode/index.js"
    },
    {
      "Path": "file/unicode/index.js/-/a",
      "Name": "a",
      "Kind": "var",
      "File": "unicode/index.js",
      "DefStart": 11,
      "DefEnd": 18,
      "Data": {
        "Kind": "var",
        "Key": {
          "namespace": "file",
          "module": "unicode/index.js",
          "path": "a"
        },
        "Type": "number",
        "IsFunc": false
      },
      "TreePath": "-file/unicode/index.js/-/a"
    },
    {
      "Path": "file/unicode/index.js/-/exports",
      "Name": "exports",
      "Kind": "var",
      "File": "",
      "DefStart": 0,
      "DefEnd": 0,
      "Data": {
        "Kind": "var",
        "Key": {
          "namespace": "file",
          "module": "unicode/index.js",
          "path": "exports"
        },
        "Type": "{}",
        "IsFunc": false
      },
      "TreePath": "-file/unicode/index.js/-/exports"
    },
    {
      "Path": "file/unicode/index.js/-/module/exports",
      "Name": "exports",
      "Kind": "var",
      "File": "",
      "DefStart": 0,
      "DefEnd": 0,
      "Data": {
        "Kind": "var",
        "Key": {
          "namespace": "file",
          "module": "unicode/index.js",
          "path": "module.exports"
        },
        "Type": "{}",
        "IsFunc": false
      },
      "TreePath": "-file/unicode/index.js/-/module/exports"
    }
  ],
  "Refs": [
    {
      "DefPath": "file/unicode/index.js/-/a",
      "Def": true,
      "File": "unicode/index.js",
      "Start": 11,
      "End": 12
    }
  ],
  "Docs": [
    {
      "Path": "file/unicode/index.js/-/a",
      "Format": "",
      "Data": "âœ±"
    }
  ]
}