{"Name":"unicode","Type":"CommonJSPackage","Files":["unicode/index.js"],"Dir":"unicode","Dependencies":[{"Name":"node"}],"Data":{"name":"unicode","version":"0.0.1","description":"test that byte positions not char positions are output for refs/defs/etc.","readme":"ERROR: No README data found!","_id":"unicode@0.0.1"},"Ops":{"depresolve":null,"graph":null}}
