{"Name":"include-main-dir","Type":"CommonJSPackage","Repo":"github.com/sgtest/js-misc","Globs":null,"Files":["include-main-dir/foodir/asdf.js","include-main-dir/foodir/also_included.js"],"Dir":"include-main-dir","Data":{"_id":"include-main-dir@0.0.1","description":"include all files in directory of main file","main":"foodir/asdf","name":"include-main-dir","readme":"ERROR: No README data found!","version":"0.0.1"},"Config":{"jsg":{"plugins":{"node":{"coreModulesDir":"/tmp/node_core_modules"}}},"npmInstall":true},"Ops":{"depresolve":null,"graph":null}}
