{"Name":"no-version-provided","Type":"CommonJSPackage","Files":["no-version-provided/index.js"],"Dir":"no-version-provided","Dependencies":[{"name":"node","version":""}],"Data":{"_id":"no-version-provided@","name":"no-version-provided","readme":"ERROR: No README data found!","version":""},"Config":{"jsg":{"plugins":{"node":{"coreModulesDir":"$(JSG_DIR)/testdata/node_core_modules"}}}},"Ops":{"depresolve":null,"graph":null}}
