[
  {
    "Raw": {
      "Name": "node"
    },
    "Target": {
      "ToRepoCloneURL": "https://github.com/Gozala/undefined.js",
      "ToUnit": "undefined",
      "ToUnitType": "CommonJSPackage",
      "ToVersionString": "0.1.0"
    }
  },
  {
    "Raw": {
      "Version": "~0.2.14",
      "Name": "minimatch"
    },
    "Target": {
      "ToRepoCloneURL": "https://github.com/Gozala/undefined.js",
      "ToUnit": "undefined",
      "ToUnitType": "CommonJSPackage",
      "ToVersionString": "0.1.0"
    }
  },
  {
    "Raw": {
      "Version": "~3.2.9",
      "Name": "glob"
    },
    "Target": {
      "ToRepoCloneURL": "https://github.com/Gozala/undefined.js",
      "ToUnit": "undefined",
      "ToUnitType": "CommonJSPackage",
      "ToVersionString": "0.1.0"
    }
  },
  {
    "Raw": {
      "Version": "~1.1.9",
      "Name": "read-package-json"
    },
    "Target": {
      "ToRepoCloneURL": "https://github.com/Gozala/undefined.js",
      "ToUnit": "undefined",
      "ToUnitType": "CommonJSPackage",
      "ToVersionString": "0.1.0"
    }
  },
  {
    "Raw": {
      "Version": "~2.2.0",
      "Name": "mysql"
    },
    "Target": {
      "ToRepoCloneURL": "https://github.com/Gozala/undefined.js",
      "ToUnit": "undefined",
      "ToUnitType": "CommonJSPackage",
      "ToVersionString": "0.1.0"
    }
  },
  {
    "Raw": {
      "Version": "~3.0.3",
      "Name": "pg"
    },
    "Target": {
      "ToRepoCloneURL": "https://github.com/Gozala/undefined.js",
      "ToUnit": "undefined",
      "ToUnitType": "CommonJSPackage",
      "ToVersionString": "0.1.0"
    }
  },
  {
    "Raw": {
      "Version": "~1.6.0",
      "Name": "underscore"
    },
    "Target": {
      "ToRepoCloneURL": "https://github.com/Gozala/undefined.js",
      "ToUnit": "undefined",
      "ToUnitType": "CommonJSPackage",
      "ToVersionString": "0.1.0"
    }
  },
  {
    "Raw": {
      "Version": "~0.8.0",
      "Name": "async"
    },
    "Target": {
      "ToRepoCloneURL": "https://github.com/Gozala/undefined.js",
      "ToUnit": "undefined",
      "ToUnitType": "CommonJSPackage",
      "ToVersionString": "0.1.0"
    }
  },
  {
    "Raw": {
      "Version": "~2.4.1",
      "Name": "lodash"
    },
    "Target": {
      "ToRepoCloneURL": "https://github.com/Gozala/undefined.js",
      "ToUnit": "undefined",
      "ToUnitType": "CommonJSPackage",
      "ToVersionString": "0.1.0"
    }
  }
]
