{"Name":"javascript-nodejs-xrefs-0","Type":"CommonJSPackage","Files":["index.js","lib/async.js","lib/fs.js","lib/glob.js","lib/http.js","lib/lodash.js","lib/minimatch.js","lib/mysql.js","lib/pg.js","lib/read-package-json.js","lib/underscore.js"],"Dir":".","Dependencies":[{"Name":"node"},{"Version":"~0.2.14","Name":"minimatch"},{"Version":"~3.2.9","Name":"glob"},{"Version":"~1.1.9","Name":"read-package-json"},{"Version":"~2.2.0","Name":"mysql"},{"Version":"~3.0.3","Name":"pg"},{"Version":"~1.6.0","Name":"underscore"},{"Version":"~0.8.0","Name":"async"},{"Version":"~2.4.1","Name":"lodash"}],"Data":{"name":"javascript-nodejs-xrefs-0","version":"0.0.0","description":"JavaScript (node.js) test repository for Sourcegraph with refs to the node.js core and other NPM modules","main":"index.js","repository":{"type":"git","url":"git://github.com/sgtest/javascript-nodejs-xrefs-0.git"},"author":{"name":"Quinn Slack","email":"sqs@sourcegraph.com"},"license":"BSD","bugs":{"url":"https://github.com/sgtest/javascript-nodejs-xrefs-0/issues"},"homepage":"https://github.com/sgtest/javascript-nodejs-xrefs-0","dependencies":{"minimatch":"~0.2.14","glob":"~3.2.9","read-package-json":"~1.1.9","mysql":"~2.2.0","pg":"~3.0.3","underscore":"~1.6.0","async":"~0.8.0","lodash":"~2.4.1"},"readme":"ERROR: No README data found!","_id":"javascript-nodejs-xrefs-0@0.0.0"},"Ops":{"depresolve":null,"graph":null}}
