{"Name":"no-files","Type":"CommonJSPackage","Repo":"github.com/sgtest/js-misc","Files":[],"Dir":"no-files","Dependencies":[{"name":"node","version":""}],"Data":{"_id":"no-files@0.0.1","main":"index.js","name":"no-files","readme":"ERROR: No README data found!","version":"0.0.1"},"Config":{"jsg":{"plugins":{"node":{"coreModulesDir":"$(JSG_DIR)/testdata/node_core_modules"}}},"npmInstall":false},"Ops":{"depresolve":null,"graph":null}}
