{"Name":"srclib-issue-67","Type":"CommonJSPackage","Repo":"github.com/sgtest/js-misc","Files":["srclib-issue-67/index.js"],"Dir":"srclib-issue-67","Dependencies":[{"name":"node","version":""}],"Data":{"_id":"srclib-issue-67@0.0.1","name":"srclib-issue-67","readme":"ERROR: No README data found!","version":"0.0.1"},"Config":{"jsg":{"plugins":{"node":{"coreModulesDir":"$(JSG_DIR)/testdata/node_core_modules"}}},"npmInstall":false},"Ops":{"depresolve":null,"graph":null}}
