{"Name":"no-version-provided","Type":"CommonJSPackage","Repo":"github.com/sgtest/js-misc","Globs":null,"Files":["no-version-provided/index.js"],"Dir":"no-version-provided","Data":{"_id":"no-version-provided@","name":"no-version-provided","readme":"ERROR: No README data found!","version":""},"Config":{"jsg":{"plugins":{"node":{"coreModulesDir":"/tmp/node_core_modules"}}},"npmInstall":true},"Ops":{"depresolve":null,"graph":null}}
