{"Name":"include-src-dir","Type":"CommonJSPackage","Files":["include-src-dir/index.js","include-src-dir/src/foo.js"],"Dir":"include-src-dir","Dependencies":[{"name":"node","version":""}],"Data":{"_id":"include-src-dir@0.0.1","description":"automatically include *.js files from the src/ dir (not just lib/)","name":"include-src-dir","readme":"ERROR: No README data found!","version":"0.0.1"},"Config":{"jsg":{"plugins":{"node":{"coreModulesDir":"$(JSG_DIR)/testdata/node_core_modules"}}}},"Ops":{"depresolve":null,"graph":null}}
