{
  "Refs": [
    {
      "DefPath": "https://nodejs.org/api/globals.html#globals_console",
      "File": "include-src-dir/index.js",
      "Start": 0,
      "End": 7
    },
    {
      "DefPath": "https://nodejs.org/api/globals.html#globals_console",
      "File": "include-src-dir/src/foo.js",
      "Start": 0,
      "End": 7
    },
    {
      "DefPath": "https://nodejs.org/api/stdio.html#stdio_console_log_data",
      "File": "include-src-dir/index.js",
      "Start": 8,
      "End": 11
    },
    {
      "DefPath": "https://nodejs.org/api/stdio.html#stdio_console_log_data",
      "File": "include-src-dir/src/foo.js",
      "Start": 8,
      "End": 11
    }
  ],
  "Docs": [
    {
      "Path": "include-src-dir/index.js_0_7",
      "Format": "",
      "Data": "Used to print to stdout and stderr."
    },
    {
      "Path": "include-src-dir/index.js_8_11",
      "Format": "",
      "Data": "Prints to stdout with newline. This function can take multiple arguments in a printf()-like way."
    },
    {
      "Path": "include-src-dir/src/foo.js_0_7",
      "Format": "",
      "Data": "Used to print to stdout and stderr."
    },
    {
      "Path": "include-src-dir/src/foo.js_8_11",
      "Format": "",
      "Data": "Prints to stdout with newline. This function can take multiple arguments in a printf()-like way."
    }
  ]
}