{"Name":"dir-not-file","Type":"CommonJSPackage","Repo":"github.com/sgtest/js-misc","Globs":null,"Files":["dir-not-file/lib/index.js"],"Dir":"dir-not-file","Data":{"_id":"dir-not-file@0.0.1","main":"lib","name":"dir-not-file","readme":"ERROR: No README data found!","version":"0.0.1"},"Config":{"jsg":{"plugins":{"node":{"coreModulesDir":"/tmp/node_core_modules"}}},"npmInstall":true},"Ops":{"depresolve":null,"graph":null}}
