{"Name":"dir-not-file","Type":"CommonJSPackage","Files":["dir-not-file/lib/index.js"],"Dir":"dir-not-file","Dependencies":[{"name":"node","version":""}],"Data":{"_id":"dir-not-file@0.0.1","main":"lib","name":"dir-not-file","readme":"ERROR: No README data found!","version":"0.0.1"},"Ops":{"depresolve":null,"graph":null}}
