{"Name":"no-files","Type":"CommonJSPackage","Files":[],"Dir":"no-files","Dependencies":[{"Name":"node","Type":"CommonJSPackage","Version":""}],"Data":{"Deps":[{"name":"node","version":""}],"_id":"no-files@0.0.1","main":"index.js","name":"no-files","readme":"ERROR: No README data found!","version":"0.0.1"}}
