{"Name":"node","Type":"CommonJSPackage","Repo":"","Globs":null,"Files":["lib/my_module.js"],"Dir":".","Config":{"jsg":{"plugins":{"$(JSG_DIR)/node_modules/tern-node-api-doc/node-api-doc":{"apiDocDir":"doc/api/","apiSrcDir":"lib/","generateJSPath":"tools/doc/generate.js"},"node":{"coreModulesDir":"lib/"}}}},"Ops":null}
