[
  {
    "Raw": {
      "Name": "node"
    },
    "Target": {
      "ToRepoCloneURL": "https://github.com/Gozala/undefined.js",
      "ToUnit": "undefined",
      "ToUnitType": "CommonJSPackage",
      "ToVersionString": "0.1.0"
    }
  },
  {
    "Raw": {
      "Version": "1.10.0",
      "Name": "mocha"
    },
    "Target": {
      "ToRepoCloneURL": "https://github.com/Gozala/undefined.js",
      "ToUnit": "undefined",
      "ToUnitType": "CommonJSPackage",
      "ToVersionString": "0.1.0"
    }
  },
  {
    "Raw": {
      "Version": "~1.2.2",
      "Name": "should"
    },
    "Target": {
      "ToRepoCloneURL": "https://github.com/Gozala/undefined.js",
      "ToUnit": "undefined",
      "ToUnitType": "CommonJSPackage",
      "ToVersionString": "0.1.0"
    }
  }
]
