{
  "Defs": [
    {
      "Path": "commonjs/include-main-dir/foodir/also_included.js",
      "Name": "include-main-dir/foodir/also_included",
      "Kind": "module",
      "File": "include-main-dir/foodir/also_included.js",
      "DefStart": 0,
      "DefEnd": 0,
      "Exported": true,
      "Data": {
        "Kind": "commonjs-module",
        "Key": {
          "namespace": "commonjs",
          "module": "include-main-dir/foodir/also_included.js",
          "path": ""
        },
        "jsgDefData": {
          "nodejs": {
            "moduleExports": true
          }
        },
        "Type": "{}",
        "IsFunc": false
      },
      "TreePath": "-commonjs/include-main-dir/foodir/also_included.js"
    },
    {
      "Path": "commonjs/include-main-dir/foodir/asdf.js",
      "Name": "include-main-dir/foodir/asdf",
      "Kind": "module",
      "File": "include-main-dir/foodir/asdf.js",
      "DefStart": 0,
      "DefEnd": 0,
      "Exported": true,
      "Data": {
        "Kind": "commonjs-module",
        "Key": {
          "namespace": "commonjs",
          "module": "include-main-dir/foodir/asdf.js",
          "path": ""
        },
        "jsgDefData": {
          "nodejs": {
            "moduleExports": true
          }
        },
        "Type": "{}",
        "IsFunc": false
      },
      "TreePath": "-commonjs/include-main-dir/foodir/asdf.js"
    },
    {
      "Path": "file/include-main-dir/foodir/also_included.js/-/exports",
      "Name": "exports",
      "Kind": "var",
      "File": "",
      "DefStart": 0,
      "DefEnd": 0,
      "Data": {
        "Kind": "var",
        "Key": {
          "namespace": "file",
          "module": "include-main-dir/foodir/also_included.js",
          "path": "exports"
        },
        "Type": "{}",
        "IsFunc": false
      },
      "TreePath": "-file/include-main-dir/foodir/also_included.js/-/exports"
    },
    {
      "Path": "file/include-main-dir/foodir/also_included.js/-/module/exports",
      "Name": "exports",
      "Kind": "var",
      "File": "",
      "DefStart": 0,
      "DefEnd": 0,
      "Data": {
        "Kind": "var",
        "Key": {
          "namespace": "file",
          "module": "include-main-dir/foodir/also_included.js",
          "path": "module.exports"
        },
        "Type": "{}",
        "IsFunc": false
      },
      "TreePath": "-file/include-main-dir/foodir/also_included.js/-/module/exports"
    },
    {
      "Path": "file/include-main-dir/foodir/asdf.js/-/exports",
      "Name": "exports",
      "Kind": "var",
      "File": "",
      "DefStart": 0,
      "DefEnd": 0,
      "Data": {
        "Kind": "var",
        "Key": {
          "namespace": "file",
          "module": "include-main-dir/foodir/asdf.js",
          "path": "exports"
        },
        "Type": "{}",
        "IsFunc": false
      },
      "TreePath": "-file/include-main-dir/foodir/asdf.js/-/exports"
    },
    {
      "Path": "file/include-main-dir/foodir/asdf.js/-/module/exports",
      "Name": "exports",
      "Kind": "var",
      "File": "",
      "DefStart": 0,
      "DefEnd": 0,
      "Data": {
        "Kind": "var",
        "Key": {
          "namespace": "file",
          "module": "include-main-dir/foodir/asdf.js",
          "path": "module.exports"
        },
        "Type": "{}",
        "IsFunc": false
      },
      "TreePath": "-file/include-main-dir/foodir/asdf.js/-/module/exports"
    }
  ],
  "Refs": [
    {
      "DefPath": "global/-/console.log",
      "File": "include-main-dir/foodir/also_included.js",
      "Start": 8,
      "End": 11
    },
    {
      "DefPath": "global/-/console.log",
      "File": "include-main-dir/foodir/asdf.js",
      "Start": 8,
      "End": 11
    },
    {
      "DefPath": "global/-/console",
      "File": "include-main-dir/foodir/also_included.js",
      "Start": 0,
      "End": 7
    },
    {
      "DefPath": "global/-/console",
      "File": "include-main-dir/foodir/asdf.js",
      "Start": 0,
      "End": 7
    }
  ]
}