{"Name":"issue-25-import","Type":"CommonJSPackage","Files":["issue-25-import/index.js"],"Dir":"issue-25-import","Dependencies":[{"Name":"node","Type":"CommonJSPackage","Version":""},{"Name":"lodash","Type":"CommonJSPackage","Version":"^4.3.0"}],"Data":{"Deps":[{"name":"node","version":""},{"name":"lodash","version":"^4.3.0"}],"_id":"issue-25-import@0.0.1","dependencies":{"lodash":"^4.3.0"},"description":"ensure proper path is emitted for paths containing parts from 'import' statement (import foo from 'bar')","name":"issue-25-import","readme":"ERROR: No README data found!","version":"0.0.1"}}
