[
  {
    "Raw": {
      "Name": "node"
    },
    "Target": {
      "ToRepoCloneURL": "https://github.com/Gozala/undefined.js",
      "ToUnit": "undefined",
      "ToUnitType": "CommonJSPackage",
      "ToVersionString": "0.1.0"
    }
  }
]
