[
  {
    "Raw": {
      "name": "node",
      "version": ""
    },
    "Target": {
      "ToRepoCloneURL": "https://github.com/joyent/node.git",
      "ToUnitType": "CommonJSPackage"
    }
  },
  {
    "Raw": {
      "name": "lodash.contains",
      "version": "2.4.1"
    },
    "Error": "error occurred while resolving 'lodash.contains@2.4.1': {}"
  }
]
