{"Name":"unicode","Type":"CommonJSPackage","Repo":"github.com/sgtest/js-misc","Globs":null,"Files":["unicode/index.js"],"Dir":"unicode","Data":{"_id":"unicode@0.0.1","description":"test that byte positions not char positions are output for refs/defs/etc.","name":"unicode","readme":"ERROR: No README data found!","version":"0.0.1"},"Config":{"jsg":{"plugins":{"node":{"coreModulesDir":"$(JSG_DIR)/testdata/node_core_modules"}}},"npmInstall":false},"Ops":{"depresolve":null,"graph":null}}
