{"Name":"sourcegraph-nodejs-sample","Type":"CommonJSPackage","Repo":"github.com/sgtest/javascript-nodejs-sample-0","Globs":null,"Files":["animal.js","test/animal_test.js"],"Dir":".","Dependencies":[{"name":"mocha","version":"1.10.0"},{"name":"should","version":"~1.2.2"}],"Data":{"_id":"sourcegraph-nodejs-sample@0.0.1","author":{"email":"sqs@sourcegraph.com","name":"Quinn Slack"},"bugs":{"url":"https://github.com/sourcegraph/nodejs-sample/issues"},"description":"node.js sample package for Sourcegraph","devDependencies":{"mocha":"1.10.0","should":"~1.2.2"},"homepage":"https://github.com/sourcegraph/nodejs-sample","main":"animal","name":"sourcegraph-nodejs-sample","readme":"# javascript-nodejs-sample-0\n\nnode.js sample repository for Sourcegraph.\n","readmeFilename":"README.md","repository":{"type":"git","url":"https://github.com/sourcegraph/nodejs-sample"},"version":"0.0.1"},"Config":{"jsg":{"plugins":{"node":{"coreModulesDir":"/home/sqs/src/sourcegraph.com/sourcegraph/srclib-javascript/node_modules/jsg/testdata/node_core_modules"}}},"npmInstall":false},"Ops":{"depresolve":null,"graph":null}}
