{
  "Defs": [
    {
      "Path": "commonjs/animal.js",
      "Name": "animal",
      "Kind": "module",
      "File": "animal.js",
      "DefStart": 0,
      "DefEnd": 0,
      "Exported": true,
      "Data": {
        "Kind": "commonjs-module",
        "Key": {
          "namespace": "commonjs",
          "module": "animal.js",
          "path": ""
        },
        "jsgDefData": {
          "nodejs": {
            "moduleExports": true
          }
        },
        "Type": "{Animal: fn(name: string), Dog: fn(name: string, breed: string)}",
        "IsFunc": false
      },
      "TreePath": "-commonjs/animal.js"
    },
    {
      "Path": "commonjs/animal.js/-/Animal",
      "Name": "Animal",
      "Kind": "func",
      "File": "animal.js",
      "DefStart": 752,
      "DefEnd": 766,
      "Exported": true,
      "Data": {
        "Kind": "func",
        "Key": {
          "namespace": "commonjs",
          "module": "animal.js",
          "path": "Animal"
        },
        "Type": "fn(name: string)",
        "IsFunc": true
      },
      "TreePath": "-commonjs/animal.js/-/Animal"
    },
    {
      "Path": "commonjs/animal.js/-/Animal/prototype",
      "Name": "prototype",
      "Kind": "type",
      "File": "",
      "DefStart": 0,
      "DefEnd": 0,
      "Exported": true,
      "Data": {
        "Kind": "prototype",
        "Key": {
          "namespace": "commonjs",
          "module": "animal.js",
          "path": "Animal.prototype"
        },
        "Type": "{makeNoise: fn() -\u003e string, sayHello: fn() -\u003e string}",
        "IsFunc": false
      },
      "TreePath": "-commonjs/animal.js/-/Animal/prototype"
    },
    {
      "Path": "commonjs/animal.js/-/Animal/prototype/makeNoise",
      "Name": "makeNoise",
      "Kind": "func",
      "File": "animal.js",
      "DefStart": 303,
      "DefEnd": 363,
      "Exported": true,
      "Data": {
        "Kind": "func",
        "Key": {
          "namespace": "commonjs",
          "module": "animal.js",
          "path": "Animal.prototype.makeNoise"
        },
        "Type": "fn() -\u003e string",
        "IsFunc": true
      },
      "TreePath": "-commonjs/animal.js/-/Animal/prototype/makeNoise"
    },
    {
      "Path": "commonjs/animal.js/-/Animal/prototype/sayHello",
      "Name": "sayHello",
      "Kind": "func",
      "File": "animal.js",
      "DefStart": 168,
      "DefEnd": 229,
      "Exported": true,
      "Data": {
        "Kind": "func",
        "Key": {
          "namespace": "commonjs",
          "module": "animal.js",
          "path": "Animal.prototype.sayHello"
        },
        "Type": "fn() -\u003e string",
        "IsFunc": true
      },
      "TreePath": "-commonjs/animal.js/-/Animal/prototype/sayHello"
    },
    {
      "Path": "commonjs/animal.js/-/Dog",
      "Name": "Dog",
      "Kind": "func",
      "File": "animal.js",
      "DefStart": 770,
      "DefEnd": 778,
      "Exported": true,
      "Data": {
        "Kind": "func",
        "Key": {
          "namespace": "commonjs",
          "module": "animal.js",
          "path": "Dog"
        },
        "Type": "fn(name: string, breed: string)",
        "IsFunc": true
      },
      "TreePath": "-commonjs/animal.js/-/Dog"
    },
    {
      "Path": "commonjs/animal.js/-/Dog/prototype",
      "Name": "prototype",
      "Kind": "type",
      "File": "animal.js",
      "DefStart": 490,
      "DefEnd": 514,
      "Exported": true,
      "Data": {
        "Kind": "prototype",
        "Key": {
          "namespace": "commonjs",
          "module": "animal.js",
          "path": "Dog.prototype"
        },
        "Type": "{bark: fn() -\u003e string, name: string, sayExtendedHello: fn() -\u003e string}",
        "IsFunc": false
      },
      "TreePath": "-commonjs/animal.js/-/Dog/prototype"
    },
    {
      "Path": "commonjs/animal.js/-/Dog/prototype/bark",
      "Name": "bark",
      "Kind": "func",
      "File": "animal.js",
      "DefStart": 686,
      "DefEnd": 728,
      "Exported": true,
      "Data": {
        "Kind": "func",
        "Key": {
          "namespace": "commonjs",
          "module": "animal.js",
          "path": "Dog.prototype.bark"
        },
        "Type": "fn() -\u003e string",
        "IsFunc": true
      },
      "TreePath": "-commonjs/animal.js/-/Dog/prototype/bark"
    },
    {
      "Path": "commonjs/animal.js/-/Dog/prototype/name",
      "Name": "name",
      "Kind": "field",
      "File": "animal.js",
      "DefStart": 104,
      "DefEnd": 115,
      "Exported": true,
      "Data": {
        "Kind": "property",
        "Key": {
          "namespace": "commonjs",
          "module": "animal.js",
          "path": "Dog.prototype.name"
        },
        "Type": "string",
        "IsFunc": false
      },
      "TreePath": "-commonjs/animal.js/-/Dog/prototype/name"
    },
    {
      "Path": "commonjs/animal.js/-/Dog/prototype/sayExtendedHello",
      "Name": "sayExtendedHello",
      "Kind": "func",
      "File": "animal.js",
      "DefStart": 575,
      "DefEnd": 654,
      "Exported": true,
      "Data": {
        "Kind": "func",
        "Key": {
          "namespace": "commonjs",
          "module": "animal.js",
          "path": "Dog.prototype.sayExtendedHello"
        },
        "Type": "fn() -\u003e string",
        "IsFunc": true
      },
      "TreePath": "-commonjs/animal.js/-/Dog/prototype/sayExtendedHello"
    },
    {
      "Path": "commonjs/test/animal_test.js",
      "Name": "test/animal_test",
      "Kind": "module",
      "File": "test/animal_test.js",
      "DefStart": 0,
      "DefEnd": 0,
      "Exported": true,
      "Data": {
        "Kind": "commonjs-module",
        "Key": {
          "namespace": "commonjs",
          "module": "test/animal_test.js",
          "path": ""
        },
        "jsgDefData": {
          "nodejs": {
            "moduleExports": true
          }
        },
        "Type": "{}",
        "IsFunc": false
      },
      "TreePath": "-commonjs/test/animal_test.js"
    },
    {
      "Path": "file/animal.js/-/Animal",
      "Name": "Animal",
      "Kind": "func",
      "File": "animal.js",
      "DefStart": 73,
      "DefEnd": 118,
      "Data": {
        "Kind": "func",
        "Key": {
          "namespace": "file",
          "module": "animal.js",
          "path": "Animal"
        },
        "Type": "fn(name: string)",
        "IsFunc": true
      },
      "TreePath": "-file/animal.js/-/Animal"
    },
    {
      "Path": "file/animal.js/-/Animal/@local/name",
      "Name": "name",
      "Kind": "field",
      "File": "animal.js",
      "DefStart": 89,
      "DefEnd": 93,
      "Data": {
        "Kind": "property",
        "Key": {
          "namespace": "file",
          "module": "animal.js",
          "path": "Animal.@local.name"
        },
        "Type": "string",
        "IsFunc": false
      },
      "TreePath": "-file/animal.js/-/Animal/@local/name"
    },
    {
      "Path": "file/animal.js/-/Dog",
      "Name": "Dog",
      "Kind": "func",
      "File": "animal.js",
      "DefStart": 389,
      "DefEnd": 484,
      "Data": {
        "Kind": "func",
        "Key": {
          "namespace": "file",
          "module": "animal.js",
          "path": "Dog"
        },
        "Type": "fn(name: string, breed: string)",
        "IsFunc": true
      },
      "TreePath": "-file/animal.js/-/Dog"
    },
    {
      "Path": "file/animal.js/-/Dog/@local/breed",
      "Name": "breed",
      "Kind": "field",
      "File": "animal.js",
      "DefStart": 408,
      "DefEnd": 413,
      "Data": {
        "Kind": "property",
        "Key": {
          "namespace": "file",
          "module": "animal.js",
          "path": "Dog.@local.breed"
        },
        "Type": "string",
        "IsFunc": false
      },
      "TreePath": "-file/animal.js/-/Dog/@local/breed"
    },
    {
      "Path": "file/animal.js/-/Dog/@local/name",
      "Name": "name",
      "Kind": "field",
      "File": "animal.js",
      "DefStart": 402,
      "DefEnd": 406,
      "Data": {
        "Kind": "property",
        "Key": {
          "namespace": "file",
          "module": "animal.js",
          "path": "Dog.@local.name"
        },
        "Type": "string",
        "IsFunc": false
      },
      "TreePath": "-file/animal.js/-/Dog/@local/name"
    },
    {
      "Path": "file/animal.js/-/exports",
      "Name": "exports",
      "Kind": "var",
      "File": "",
      "DefStart": 0,
      "DefEnd": 0,
      "Data": {
        "Kind": "var",
        "Key": {
          "namespace": "file",
          "module": "animal.js",
          "path": "exports"
        },
        "Type": "{}",
        "IsFunc": false
      },
      "TreePath": "-file/animal.js/-/exports"
    },
    {
      "Path": "file/animal.js/-/module/exports",
      "Name": "exports",
      "Kind": "var",
      "File": "animal.js",
      "DefStart": 738,
      "DefEnd": 781,
      "Data": {
        "Kind": "var",
        "Key": {
          "namespace": "file",
          "module": "animal.js",
          "path": "module.exports"
        },
        "Type": "{Animal: fn(name: string), Dog: fn(name: string, breed: string)}",
        "IsFunc": false
      },
      "TreePath": "-file/animal.js/-/module/exports"
    },
    {
      "Path": "file/test/animal_test.js/-/@536/@local/@536/@local/@1043/@local/a",
      "Name": "a",
      "Kind": "field",
      "File": "test/animal_test.js",
      "DefStart": 1068,
      "DefEnd": 1118,
      "Data": {
        "Kind": "property",
        "Key": {
          "namespace": "file",
          "module": "test/animal_test.js",
          "path": "@536.@local.@536.@local.@1043.@local.a"
        },
        "Type": "{breed: string, name: string, noise: string}",
        "IsFunc": false
      },
      "TreePath": "-file/test/animal_test.js/-/@536/@local/@536/@local/@1043/@local/a"
    },
    {
      "Path": "file/test/animal_test.js/-/@536/@local/@536/@local/@1043/@local/done",
      "Name": "done",
      "Kind": "func",
      "File": "test/animal_test.js",
      "DefStart": 1052,
      "DefEnd": 1056,
      "Data": {
        "Kind": "func",
        "Key": {
          "namespace": "file",
          "module": "test/animal_test.js",
          "path": "@536.@local.@536.@local.@1043.@local.done"
        },
        "Type": "fn()",
        "IsFunc": true
      },
      "TreePath": "-file/test/animal_test.js/-/@536/@local/@536/@local/@1043/@local/done"
    },
    {
      "Path": "file/test/animal_test.js/-/@536/@local/@536/@local/@575/@local/a",
      "Name": "a",
      "Kind": "field",
      "File": "test/animal_test.js",
      "DefStart": 600,
      "DefEnd": 627,
      "Data": {
        "Kind": "property",
        "Key": {
          "namespace": "file",
          "module": "test/animal_test.js",
          "path": "@536.@local.@536.@local.@575.@local.a"
        },
        "Type": "{breed: string, name: string, noise: string}",
        "IsFunc": false
      },
      "TreePath": "-file/test/animal_test.js/-/@536/@local/@536/@local/@575/@local/a"
    },
    {
      "Path": "file/test/animal_test.js/-/@536/@local/@536/@local/@575/@local/a/breed",
      "Name": "breed",
      "Kind": "field",
      "File": "animal.js",
      "DefStart": 444,
      "DefEnd": 457,
      "Data": {
        "Kind": "property",
        "Key": {
          "namespace": "file",
          "module": "test/animal_test.js",
          "path": "@536.@local.@536.@local.@575.@local.a.breed"
        },
        "Type": "string",
        "IsFunc": false
      },
      "TreePath": "-file/test/animal_test.js/-/@536/@local/@536/@local/@575/@local/a/breed"
    },
    {
      "Path": "file/test/animal_test.js/-/@536/@local/@536/@local/@575/@local/a/name",
      "Name": "name",
      "Kind": "field",
      "File": "animal.js",
      "DefStart": 424,
      "DefEnd": 435,
      "Data": {
        "Kind": "property",
        "Key": {
          "namespace": "file",
          "module": "test/animal_test.js",
          "path": "@536.@local.@536.@local.@575.@local.a.name"
        },
        "Type": "string",
        "IsFunc": false
      },
      "TreePath": "-file/test/animal_test.js/-/@536/@local/@536/@local/@575/@local/a/name"
    },
    {
      "Path": "file/test/animal_test.js/-/@536/@local/@536/@local/@575/@local/a/noise",
      "Name": "noise",
      "Kind": "field",
      "File": "animal.js",
      "DefStart": 466,
      "DefEnd": 481,
      "Data": {
        "Kind": "property",
        "Key": {
          "namespace": "file",
          "module": "test/animal_test.js",
          "path": "@536.@local.@536.@local.@575.@local.a.noise"
        },
        "Type": "string",
        "IsFunc": false
      },
      "TreePath": "-file/test/animal_test.js/-/@536/@local/@536/@local/@575/@local/a/noise"
    },
    {
      "Path": "file/test/animal_test.js/-/@536/@local/@536/@local/@575/@local/done",
      "Name": "done",
      "Kind": "func",
      "File": "test/animal_test.js",
      "DefStart": 584,
      "DefEnd": 588,
      "Data": {
        "Kind": "func",
        "Key": {
          "namespace": "file",
          "module": "test/animal_test.js",
          "path": "@536.@local.@536.@local.@575.@local.done"
        },
        "Type": "fn()",
        "IsFunc": true
      },
      "TreePath": "-file/test/animal_test.js/-/@536/@local/@536/@local/@575/@local/done"
    },
    {
      "Path": "file/test/animal_test.js/-/@536/@local/@536/@local/@707/@local/a",
      "Name": "a",
      "Kind": "field",
      "File": "test/animal_test.js",
      "DefStart": 732,
      "DefEnd": 782,
      "Data": {
        "Kind": "property",
        "Key": {
          "namespace": "file",
          "module": "test/animal_test.js",
          "path": "@536.@local.@536.@local.@707.@local.a"
        },
        "Type": "{breed: string, name: string, noise: string}",
        "IsFunc": false
      },
      "TreePath": "-file/test/animal_test.js/-/@536/@local/@536/@local/@707/@local/a"
    },
    {
      "Path": "file/test/animal_test.js/-/@536/@local/@536/@local/@707/@local/done",
      "Name": "done",
      "Kind": "func",
      "File": "test/animal_test.js",
      "DefStart": 716,
      "DefEnd": 720,
      "Data": {
        "Kind": "func",
        "Key": {
          "namespace": "file",
          "module": "test/animal_test.js",
          "path": "@536.@local.@536.@local.@707.@local.done"
        },
        "Type": "fn()",
        "IsFunc": true
      },
      "TreePath": "-file/test/animal_test.js/-/@536/@local/@536/@local/@707/@local/done"
    },
    {
      "Path": "file/test/animal_test.js/-/@536/@local/@536/@local/@894/@local/a",
      "Name": "a",
      "Kind": "field",
      "File": "test/animal_test.js",
      "DefStart": 919,
      "DefEnd": 969,
      "Data": {
        "Kind": "property",
        "Key": {
          "namespace": "file",
          "module": "test/animal_test.js",
          "path": "@536.@local.@536.@local.@894.@local.a"
        },
        "Type": "{breed: string, name: string, noise: string}",
        "IsFunc": false
      },
      "TreePath": "-file/test/animal_test.js/-/@536/@local/@536/@local/@894/@local/a"
    },
    {
      "Path": "file/test/animal_test.js/-/@536/@local/@536/@local/@894/@local/done",
      "Name": "done",
      "Kind": "func",
      "File": "test/animal_test.js",
      "DefStart": 903,
      "DefEnd": 907,
      "Data": {
        "Kind": "func",
        "Key": {
          "namespace": "file",
          "module": "test/animal_test.js",
          "path": "@536.@local.@536.@local.@894.@local.done"
        },
        "Type": "fn()",
        "IsFunc": true
      },
      "TreePath": "-file/test/animal_test.js/-/@536/@local/@536/@local/@894/@local/done"
    },
    {
      "Path": "file/test/animal_test.js/-/@87/@local/@87/@local/@129/@local/a",
      "Name": "a",
      "Kind": "field",
      "File": "test/animal_test.js",
      "DefStart": 154,
      "DefEnd": 184,
      "Data": {
        "Kind": "property",
        "Key": {
          "namespace": "file",
          "module": "test/animal_test.js",
          "path": "@87.@local.@87.@local.@129.@local.a"
        },
        "Type": "{name: string}",
        "IsFunc": false
      },
      "TreePath": "-file/test/animal_test.js/-/@87/@local/@87/@local/@129/@local/a"
    },
    {
      "Path": "file/test/animal_test.js/-/@87/@local/@87/@local/@129/@local/a/name",
      "Name": "name",
      "Kind": "field",
      "File": "animal.js",
      "DefStart": 104,
      "DefEnd": 115,
      "Data": {
        "Kind": "property",
        "Key": {
          "namespace": "file",
          "module": "test/animal_test.js",
          "path": "@87.@local.@87.@local.@129.@local.a.name"
        },
        "Type": "string",
        "IsFunc": false
      },
      "TreePath": "-file/test/animal_test.js/-/@87/@local/@87/@local/@129/@local/a/name"
    },
    {
      "Path": "file/test/animal_test.js/-/@87/@local/@87/@local/@129/@local/done",
      "Name": "done",
      "Kind": "func",
      "File": "test/animal_test.js",
      "DefStart": 138,
      "DefEnd": 142,
      "Data": {
        "Kind": "func",
        "Key": {
          "namespace": "file",
          "module": "test/animal_test.js",
          "path": "@87.@local.@87.@local.@129.@local.done"
        },
        "Type": "fn()",
        "IsFunc": true
      },
      "TreePath": "-file/test/animal_test.js/-/@87/@local/@87/@local/@129/@local/done"
    },
    {
      "Path": "file/test/animal_test.js/-/@87/@local/@87/@local/@255/@local/a",
      "Name": "a",
      "Kind": "field",
      "File": "test/animal_test.js",
      "DefStart": 280,
      "DefEnd": 310,
      "Data": {
        "Kind": "property",
        "Key": {
          "namespace": "file",
          "module": "test/animal_test.js",
          "path": "@87.@local.@87.@local.@255.@local.a"
        },
        "Type": "{name: string}",
        "IsFunc": false
      },
      "TreePath": "-file/test/animal_test.js/-/@87/@local/@87/@local/@255/@local/a"
    },
    {
      "Path": "file/test/animal_test.js/-/@87/@local/@87/@local/@255/@local/done",
      "Name": "done",
      "Kind": "func",
      "File": "test/animal_test.js",
      "DefStart": 264,
      "DefEnd": 268,
      "Data": {
        "Kind": "func",
        "Key": {
          "namespace": "file",
          "module": "test/animal_test.js",
          "path": "@87.@local.@87.@local.@255.@local.done"
        },
        "Type": "fn()",
        "IsFunc": true
      },
      "TreePath": "-file/test/animal_test.js/-/@87/@local/@87/@local/@255/@local/done"
    },
    {
      "Path": "file/test/animal_test.js/-/@87/@local/@87/@local/@399/@local/a",
      "Name": "a",
      "Kind": "field",
      "File": "test/animal_test.js",
      "DefStart": 424,
      "DefEnd": 454,
      "Data": {
        "Kind": "property",
        "Key": {
          "namespace": "file",
          "module": "test/animal_test.js",
          "path": "@87.@local.@87.@local.@399.@local.a"
        },
        "Type": "{name: string}",
        "IsFunc": false
      },
      "TreePath": "-file/test/animal_test.js/-/@87/@local/@87/@local/@399/@local/a"
    },
    {
      "Path": "file/test/animal_test.js/-/@87/@local/@87/@local/@399/@local/done",
      "Name": "done",
      "Kind": "func",
      "File": "test/animal_test.js",
      "DefStart": 408,
      "DefEnd": 412,
      "Data": {
        "Kind": "func",
        "Key": {
          "namespace": "file",
          "module": "test/animal_test.js",
          "path": "@87.@local.@87.@local.@399.@local.done"
        },
        "Type": "fn()",
        "IsFunc": true
      },
      "TreePath": "-file/test/animal_test.js/-/@87/@local/@87/@local/@399/@local/done"
    },
    {
      "Path": "file/test/animal_test.js/-/animal",
      "Name": "animal",
      "Kind": "var",
      "File": "test/animal_test.js",
      "DefStart": 4,
      "DefEnd": 33,
      "Data": {
        "Kind": "var",
        "Key": {
          "namespace": "file",
          "module": "test/animal_test.js",
          "path": "animal"
        },
        "Type": "{Animal: fn(name: string), Dog: fn(name: string, breed: string)}",
        "IsFunc": false
      },
      "TreePath": "-file/test/animal_test.js/-/animal"
    },
    {
      "Path": "file/test/animal_test.js/-/exports",
      "Name": "exports",
      "Kind": "var",
      "File": "",
      "DefStart": 0,
      "DefEnd": 0,
      "Data": {
        "Kind": "var",
        "Key": {
          "namespace": "file",
          "module": "test/animal_test.js",
          "path": "exports"
        },
        "Type": "{}",
        "IsFunc": false
      },
      "TreePath": "-file/test/animal_test.js/-/exports"
    },
    {
      "Path": "file/test/animal_test.js/-/module/exports",
      "Name": "exports",
      "Kind": "var",
      "File": "",
      "DefStart": 0,
      "DefEnd": 0,
      "Data": {
        "Kind": "var",
        "Key": {
          "namespace": "file",
          "module": "test/animal_test.js",
          "path": "module.exports"
        },
        "Type": "{}",
        "IsFunc": false
      },
      "TreePath": "-file/test/animal_test.js/-/module/exports"
    },
    {
      "Path": "file/test/animal_test.js/-/should",
      "Name": "should",
      "Kind": "var",
      "File": "test/animal_test.js",
      "DefStart": 39,
      "DefEnd": 65,
      "Data": {
        "Kind": "var",
        "Key": {
          "namespace": "file",
          "module": "test/animal_test.js",
          "path": "should"
        }
      },
      "TreePath": "-file/test/animal_test.js/-/should"
    }
  ],
  "Refs": [
    {
      "DefPath": "commonjs/animal.js/-/Animal/prototype/makeNoise",
      "Def": true,
      "File": "animal.js",
      "Start": 303,
      "End": 312
    },
    {
      "DefPath": "commonjs/animal.js/-/Animal/prototype/makeNoise",
      "File": "test/animal_test.js",
      "Start": 1126,
      "End": 1135
    },
    {
      "DefPath": "commonjs/animal.js/-/Animal/prototype/makeNoise",
      "File": "test/animal_test.js",
      "Start": 462,
      "End": 471
    },
    {
      "DefPath": "commonjs/animal.js/-/Animal/prototype/sayHello",
      "Def": true,
      "File": "animal.js",
      "Start": 168,
      "End": 176
    },
    {
      "DefPath": "commonjs/animal.js/-/Animal/prototype/sayHello",
      "File": "animal.js",
      "Start": 621,
      "End": 629
    },
    {
      "DefPath": "commonjs/animal.js/-/Animal/prototype/sayHello",
      "File": "test/animal_test.js",
      "Start": 318,
      "End": 326
    },
    {
      "DefPath": "commonjs/animal.js/-/Animal/prototype",
      "File": "animal.js",
      "Start": 158,
      "End": 167
    },
    {
      "DefPath": "commonjs/animal.js/-/Animal/prototype",
      "File": "animal.js",
      "Start": 293,
      "End": 302
    },
    {
      "DefPath": "commonjs/animal.js/-/Animal",
      "File": "test/animal_test.js",
      "Start": 169,
      "End": 175
    },
    {
      "DefPath": "commonjs/animal.js/-/Animal",
      "File": "test/animal_test.js",
      "Start": 295,
      "End": 301
    },
    {
      "DefPath": "commonjs/animal.js/-/Animal",
      "File": "test/animal_test.js",
      "Start": 439,
      "End": 445
    },
    {
      "DefPath": "commonjs/animal.js/-/Dog/prototype/bark",
      "Def": true,
      "File": "animal.js",
      "Start": 686,
      "End": 690
    },
    {
      "DefPath": "commonjs/animal.js/-/Dog/prototype/bark",
      "File": "test/animal_test.js",
      "Start": 977,
      "End": 981
    },
    {
      "DefPath": "commonjs/animal.js/-/Dog/prototype/sayExtendedHello",
      "Def": true,
      "File": "animal.js",
      "Start": 575,
      "End": 591
    },
    {
      "DefPath": "commonjs/animal.js/-/Dog/prototype/sayExtendedHello",
      "File": "test/animal_test.js",
      "Start": 790,
      "End": 806
    },
    {
      "DefPath": "commonjs/animal.js/-/Dog/prototype",
      "Def": true,
      "File": "animal.js",
      "Start": 490,
      "End": 499
    },
    {
      "DefPath": "commonjs/animal.js/-/Dog/prototype",
      "File": "animal.js",
      "Start": 565,
      "End": 574
    },
    {
      "DefPath": "commonjs/animal.js/-/Dog/prototype",
      "File": "animal.js",
      "Start": 676,
      "End": 685
    },
    {
      "DefPath": "commonjs/animal.js/-/Dog",
      "File": "test/animal_test.js",
      "Start": 1083,
      "End": 1086
    },
    {
      "DefPath": "commonjs/animal.js/-/Dog",
      "File": "test/animal_test.js",
      "Start": 615,
      "End": 618
    },
    {
      "DefPath": "commonjs/animal.js/-/Dog",
      "File": "test/animal_test.js",
      "Start": 747,
      "End": 750
    },
    {
      "DefPath": "commonjs/animal.js/-/Dog",
      "File": "test/animal_test.js",
      "Start": 934,
      "End": 937
    },
    {
      "DefRepo": "github.com/joyent/node",
      "DefUnit": "node",
      "DefPath": "commonjs/lib/assert.js/-/Assertion/prototype/eql",
      "File": "test/animal_test.js",
      "Start": 1145,
      "End": 1148
    },
    {
      "DefRepo": "github.com/joyent/node",
      "DefUnit": "node",
      "DefPath": "commonjs/lib/assert.js/-/Assertion/prototype/eql",
      "File": "test/animal_test.js",
      "Start": 204,
      "End": 207
    },
    {
      "DefRepo": "github.com/joyent/node",
      "DefUnit": "node",
      "DefPath": "commonjs/lib/assert.js/-/Assertion/prototype/eql",
      "File": "test/animal_test.js",
      "Start": 336,
      "End": 339
    },
    {
      "DefRepo": "github.com/joyent/node",
      "DefUnit": "node",
      "DefPath": "commonjs/lib/assert.js/-/Assertion/prototype/eql",
      "File": "test/animal_test.js",
      "Start": 481,
      "End": 484
    },
    {
      "DefRepo": "github.com/joyent/node",
      "DefUnit": "node",
      "DefPath": "commonjs/lib/assert.js/-/Assertion/prototype/eql",
      "File": "test/animal_test.js",
      "Start": 647,
      "End": 650
    },
    {
      "DefRepo": "github.com/joyent/node",
      "DefUnit": "node",
      "DefPath": "commonjs/lib/assert.js/-/Assertion/prototype/eql",
      "File": "test/animal_test.js",
      "Start": 816,
      "End": 819
    },
    {
      "DefRepo": "github.com/joyent/node",
      "DefUnit": "node",
      "DefPath": "commonjs/lib/assert.js/-/Assertion/prototype/eql",
      "File": "test/animal_test.js",
      "Start": 991,
      "End": 994
    },
    {
      "DefPath": "file/animal.js/-/Animal/@local/name",
      "File": "animal.js",
      "Start": 111,
      "End": 115
    },
    {
      "DefPath": "file/animal.js/-/Animal/@local/name",
      "Def": true,
      "File": "animal.js",
      "Start": 89,
      "End": 93
    },
    {
      "DefPath": "file/animal.js/-/Animal",
      "File": "animal.js",
      "Start": 151,
      "End": 157
    },
    {
      "DefPath": "file/animal.js/-/Animal",
      "File": "animal.js",
      "Start": 286,
      "End": 292
    },
    {
      "DefPath": "file/animal.js/-/Animal",
      "File": "animal.js",
      "Start": 506,
      "End": 512
    },
    {
      "DefPath": "file/animal.js/-/Animal",
      "File": "animal.js",
      "Start": 760,
      "End": 766
    },
    {
      "DefPath": "file/animal.js/-/Animal",
      "Def": true,
      "File": "animal.js",
      "Start": 82,
      "End": 88
    },
    {
      "DefPath": "file/animal.js/-/Dog/@local/breed",
      "Def": true,
      "File": "animal.js",
      "Start": 408,
      "End": 413
    },
    {
      "DefPath": "file/animal.js/-/Dog/@local/breed",
      "File": "animal.js",
      "Start": 452,
      "End": 457
    },
    {
      "DefPath": "file/animal.js/-/Dog/@local/name",
      "Def": true,
      "File": "animal.js",
      "Start": 402,
      "End": 406
    },
    {
      "DefPath": "file/animal.js/-/Dog/@local/name",
      "File": "animal.js",
      "Start": 431,
      "End": 435
    },
    {
      "DefPath": "file/animal.js/-/Dog",
      "Def": true,
      "File": "animal.js",
      "Start": 398,
      "End": 401
    },
    {
      "DefPath": "file/animal.js/-/Dog",
      "File": "animal.js",
      "Start": 486,
      "End": 489
    },
    {
      "DefPath": "file/animal.js/-/Dog",
      "File": "animal.js",
      "Start": 561,
      "End": 564
    },
    {
      "DefPath": "file/animal.js/-/Dog",
      "File": "animal.js",
      "Start": 672,
      "End": 675
    },
    {
      "DefPath": "file/animal.js/-/Dog",
      "File": "animal.js",
      "Start": 775,
      "End": 778
    },
    {
      "DefPath": "file/animal.js/-/module/exports",
      "Def": true,
      "File": "animal.js",
      "Start": 738,
      "End": 745
    },
    {
      "DefPath": "file/animal.js/-/module",
      "File": "animal.js",
      "Start": 731,
      "End": 737
    },
    {
      "DefPath": "file/test/animal_test.js/-/@536/@local/@536/@local/@1043/@local/a",
      "Def": true,
      "File": "test/animal_test.js",
      "Start": 1068,
      "End": 1069
    },
    {
      "DefPath": "file/test/animal_test.js/-/@536/@local/@536/@local/@1043/@local/a",
      "File": "test/animal_test.js",
      "Start": 1124,
      "End": 1125
    },
    {
      "DefPath": "file/test/animal_test.js/-/@536/@local/@536/@local/@1043/@local/done",
      "Def": true,
      "File": "test/animal_test.js",
      "Start": 1052,
      "End": 1056
    },
    {
      "DefPath": "file/test/animal_test.js/-/@536/@local/@536/@local/@1043/@local/done",
      "File": "test/animal_test.js",
      "Start": 1163,
      "End": 1167
    },
    {
      "DefPath": "file/test/animal_test.js/-/@536/@local/@536/@local/@575/@local/a/breed",
      "Def": true,
      "File": "animal.js",
      "Start": 444,
      "End": 449
    },
    {
      "DefPath": "file/test/animal_test.js/-/@536/@local/@536/@local/@575/@local/a/breed",
      "File": "animal.js",
      "Start": 646,
      "End": 651
    },
    {
      "DefPath": "file/test/animal_test.js/-/@536/@local/@536/@local/@575/@local/a/name",
      "Def": true,
      "File": "animal.js",
      "Start": 424,
      "End": 428
    },
    {
      "DefPath": "file/test/animal_test.js/-/@536/@local/@536/@local/@575/@local/a/name",
      "File": "test/animal_test.js",
      "Start": 635,
      "End": 639
    },
    {
      "DefPath": "file/test/animal_test.js/-/@536/@local/@536/@local/@575/@local/a/noise",
      "File": "animal.js",
      "Start": 342,
      "End": 347
    },
    {
      "DefPath": "file/test/animal_test.js/-/@536/@local/@536/@local/@575/@local/a/noise",
      "Def": true,
      "File": "animal.js",
      "Start": 466,
      "End": 471
    },
    {
      "DefPath": "file/test/animal_test.js/-/@536/@local/@536/@local/@575/@local/a/noise",
      "File": "animal.js",
      "Start": 720,
      "End": 725
    },
    {
      "DefPath": "file/test/animal_test.js/-/@536/@local/@536/@local/@575/@local/a",
      "Def": true,
      "File": "test/animal_test.js",
      "Start": 600,
      "End": 601
    },
    {
      "DefPath": "file/test/animal_test.js/-/@536/@local/@536/@local/@575/@local/a",
      "File": "test/animal_test.js",
      "Start": 633,
      "End": 634
    },
    {
      "DefPath": "file/test/animal_test.js/-/@536/@local/@536/@local/@575/@local/done",
      "Def": true,
      "File": "test/animal_test.js",
      "Start": 584,
      "End": 588
    },
    {
      "DefPath": "file/test/animal_test.js/-/@536/@local/@536/@local/@575/@local/done",
      "File": "test/animal_test.js",
      "Start": 665,
      "End": 669
    },
    {
      "DefPath": "file/test/animal_test.js/-/@536/@local/@536/@local/@707/@local/a",
      "Def": true,
      "File": "test/animal_test.js",
      "Start": 732,
      "End": 733
    },
    {
      "DefPath": "file/test/animal_test.js/-/@536/@local/@536/@local/@707/@local/a",
      "File": "test/animal_test.js",
      "Start": 788,
      "End": 789
    },
    {
      "DefPath": "file/test/animal_test.js/-/@536/@local/@536/@local/@707/@local/done",
      "Def": true,
      "File": "test/animal_test.js",
      "Start": 716,
      "End": 720
    },
    {
      "DefPath": "file/test/animal_test.js/-/@536/@local/@536/@local/@707/@local/done",
      "File": "test/animal_test.js",
      "Start": 866,
      "End": 870
    },
    {
      "DefPath": "file/test/animal_test.js/-/@536/@local/@536/@local/@894/@local/a",
      "Def": true,
      "File": "test/animal_test.js",
      "Start": 919,
      "End": 920
    },
    {
      "DefPath": "file/test/animal_test.js/-/@536/@local/@536/@local/@894/@local/a",
      "File": "test/animal_test.js",
      "Start": 975,
      "End": 976
    },
    {
      "DefPath": "file/test/animal_test.js/-/@536/@local/@536/@local/@894/@local/done",
      "File": "test/animal_test.js",
      "Start": 1009,
      "End": 1013
    },
    {
      "DefPath": "file/test/animal_test.js/-/@536/@local/@536/@local/@894/@local/done",
      "Def": true,
      "File": "test/animal_test.js",
      "Start": 903,
      "End": 907
    },
    {
      "DefPath": "file/test/animal_test.js/-/@87/@local/@87/@local/@129/@local/a/name",
      "Def": true,
      "File": "animal.js",
      "Start": 104,
      "End": 108
    },
    {
      "DefPath": "file/test/animal_test.js/-/@87/@local/@87/@local/@129/@local/a/name",
      "File": "animal.js",
      "Start": 222,
      "End": 226
    },
    {
      "DefPath": "file/test/animal_test.js/-/@87/@local/@87/@local/@129/@local/a/name",
      "File": "test/animal_test.js",
      "Start": 192,
      "End": 196
    },
    {
      "DefPath": "file/test/animal_test.js/-/@87/@local/@87/@local/@129/@local/a",
      "Def": true,
      "File": "test/animal_test.js",
      "Start": 154,
      "End": 155
    },
    {
      "DefPath": "file/test/animal_test.js/-/@87/@local/@87/@local/@129/@local/a",
      "File": "test/animal_test.js",
      "Start": 190,
      "End": 191
    },
    {
      "DefPath": "file/test/animal_test.js/-/@87/@local/@87/@local/@129/@local/done",
      "Def": true,
      "File": "test/animal_test.js",
      "Start": 138,
      "End": 142
    },
    {
      "DefPath": "file/test/animal_test.js/-/@87/@local/@87/@local/@129/@local/done",
      "File": "test/animal_test.js",
      "Start": 222,
      "End": 226
    },
    {
      "DefPath": "file/test/animal_test.js/-/@87/@local/@87/@local/@255/@local/a",
      "Def": true,
      "File": "test/animal_test.js",
      "Start": 280,
      "End": 281
    },
    {
      "DefPath": "file/test/animal_test.js/-/@87/@local/@87/@local/@255/@local/a",
      "File": "test/animal_test.js",
      "Start": 316,
      "End": 317
    },
    {
      "DefPath": "file/test/animal_test.js/-/@87/@local/@87/@local/@255/@local/done",
      "Def": true,
      "File": "test/animal_test.js",
      "Start": 264,
      "End": 268
    },
    {
      "DefPath": "file/test/animal_test.js/-/@87/@local/@87/@local/@255/@local/done",
      "File": "test/animal_test.js",
      "Start": 365,
      "End": 369
    },
    {
      "DefPath": "file/test/animal_test.js/-/@87/@local/@87/@local/@399/@local/a",
      "Def": true,
      "File": "test/animal_test.js",
      "Start": 424,
      "End": 425
    },
    {
      "DefPath": "file/test/animal_test.js/-/@87/@local/@87/@local/@399/@local/a",
      "File": "test/animal_test.js",
      "Start": 460,
      "End": 461
    },
    {
      "DefPath": "file/test/animal_test.js/-/@87/@local/@87/@local/@399/@local/done",
      "Def": true,
      "File": "test/animal_test.js",
      "Start": 408,
      "End": 412
    },
    {
      "DefPath": "file/test/animal_test.js/-/@87/@local/@87/@local/@399/@local/done",
      "File": "test/animal_test.js",
      "Start": 501,
      "End": 505
    },
    {
      "DefPath": "file/test/animal_test.js/-/animal",
      "File": "test/animal_test.js",
      "Start": 1076,
      "End": 1082
    },
    {
      "DefPath": "file/test/animal_test.js/-/animal",
      "File": "test/animal_test.js",
      "Start": 162,
      "End": 168
    },
    {
      "DefPath": "file/test/animal_test.js/-/animal",
      "File": "test/animal_test.js",
      "Start": 288,
      "End": 294
    },
    {
      "DefPath": "file/test/animal_test.js/-/animal",
      "Def": true,
      "File": "test/animal_test.js",
      "Start": 4,
      "End": 10
    },
    {
      "DefPath": "file/test/animal_test.js/-/animal",
      "File": "test/animal_test.js",
      "Start": 432,
      "End": 438
    },
    {
      "DefPath": "file/test/animal_test.js/-/animal",
      "File": "test/animal_test.js",
      "Start": 608,
      "End": 614
    },
    {
      "DefPath": "file/test/animal_test.js/-/animal",
      "File": "test/animal_test.js",
      "Start": 740,
      "End": 746
    },
    {
      "DefPath": "file/test/animal_test.js/-/animal",
      "File": "test/animal_test.js",
      "Start": 927,
      "End": 933
    },
    {
      "DefPath": "file/test/animal_test.js/-/require",
      "File": "test/animal_test.js",
      "Start": 13,
      "End": 20
    },
    {
      "DefPath": "file/test/animal_test.js/-/require",
      "File": "test/animal_test.js",
      "Start": 48,
      "End": 55
    },
    {
      "DefPath": "file/test/animal_test.js/-/should",
      "Def": true,
      "File": "test/animal_test.js",
      "Start": 39,
      "End": 45
    }
  ],
  "Docs": [
    {
      "Path": "commonjs/animal.js/-/Animal/prototype/makeNoise",
      "Format": "",
      "Data": "makeNoise emits the animal's characteristic noise."
    },
    {
      "Path": "commonjs/animal.js/-/Animal/prototype/sayHello",
      "Format": "",
      "Data": "sayHello greets the caller."
    },
    {
      "Path": "commonjs/animal.js/-/Dog/prototype/bark",
      "Format": "",
      "Data": "bark barks."
    },
    {
      "Path": "commonjs/animal.js/-/Dog/prototype/sayExtendedHello",
      "Format": "",
      "Data": "sayExtendedHello gives a doggy greeting."
    },
    {
      "Path": "file/animal.js/-/Animal",
      "Format": "",
      "Data": "An Animal is a friendly creature that can say hello and make a noise."
    },
    {
      "Path": "file/animal.js/-/Dog",
      "Format": "",
      "Data": "A Dog is an animal."
    }
  ]
}