{
  "Refs": [
    {
      "DefPath": "ext-dep/index.js_4_19",
      "File": "ext-dep/index.js",
      "Start": 76,
      "End": 91
    },
    {
      "DefPath": "https://nodejs.org/api/globals.html#globals_console",
      "File": "ext-dep/index.js",
      "Start": 51,
      "End": 58
    },
    {
      "DefPath": "https://nodejs.org/api/globals.html#globals_require",
      "File": "ext-dep/index.js",
      "Start": 22,
      "End": 29
    },
    {
      "DefPath": "https://nodejs.org/api/stdio.html#stdio_console_log_data",
      "File": "ext-dep/index.js",
      "Start": 59,
      "End": 62
    }
  ],
  "Docs": [
    {
      "Path": "ext-dep/index.js_22_29",
      "Format": "",
      "Data": "To require modules."
    },
    {
      "Path": "ext-dep/index.js_51_58",
      "Format": "",
      "Data": "Used to print to stdout and stderr."
    },
    {
      "Path": "ext-dep/index.js_59_62",
      "Format": "",
      "Data": "Prints to stdout with newline. This function can take multiple arguments in a printf()-like way."
    }
  ]
}