{"Name":"ext-dep","Type":"CommonJSPackage","Files":["ext-dep/index.js"],"Dir":"ext-dep","Dependencies":[{"name":"node","version":""},{"name":"lodash.contains","version":"2.4.1"}],"Data":{"_id":"ext-dep@0.0.1","dependencies":{"lodash.contains":"2.4.1"},"name":"ext-dep","readme":"ERROR: No README data found!","version":"0.0.1"},"Config":{"jsg":{"plugins":{"node":{"coreModulesDir":"$(JSG_DIR)/testdata/node_core_modules"}}}},"Ops":{"depresolve":null,"graph":null}}
